---
source: src/camera.rs
expression: manual
---

